   PROGRAM-1
LENOVO@DESKTOP-P25PUTP MINGW64 ~/Desktop (master)
$ cat vyshu.sh
#!/bin/bash
#timetable -print out a multiplication table
for i in 1 2 3
do
 for j in 1 2 3
 do
   value='expr $i\$j'
   echo -n "$value"
  done
  echo
 done
 
OUTPUT:
LENOVO@DESKTOP-P25PUTP MINGW64 ~/Desktop (master)
$ ./vyshu.sh
expr $i\$jexpr $i\$jexpr $i\$j
expr $i\$jexpr $i\$jexpr $i\$j
expr $i\$jexpr $i\$jexpr $i\$j  
 
                 PROGRAM-2
$ vi vyshnavi.sh

LENOVO@DESKTOP-P25PUTP MINGW64 ~/Desktop (master)
$ cat vyshnavi.sh
#!/bin/bash
files= 'ls'
for i in $files
do
 echo -n "$i"
 grep $i $i
done
OUTPUT:
LENOVO@DESKTOP-P25PUTP MINGW64 ~/Desktop (master)
$ ./vyshnavi.sh
'Docker Desktop.lnk'  'Microsoft Edge.lnk'  'Microsoft Office Excel 2007.lnk'  'Microsoft Office Word 2007.lnk'   desktop.ini   vyshnavi.sh   vyshu   vyshu.sh   vyshu.txt
                  
                           PROGRAM-3

LENOVO@DESKTOP-P25PUTP MINGW64 ~/Desktop (master)
$ vi praveena.sh

LENOVO@DESKTOP-P25PUTP MINGW64 ~/Desktop (master)
$ cat praveena.sh
#!/bin/bash
for i in *;do
   echo -n "$i"
   grep $i $i
  done

OUTPUT:
LENOVO@DESKTOP-P25PUTP MINGW64 ~/Desktop (master)
$ ./praveena.sh
Docker Desktop.lnkgrep: Desktop.lnk: No such file or directory
grep: Docker: No such file or directory
grep: Desktop.lnk: No such file or directory
Microsoft Edge.lnkgrep: Edge.lnk: No such file or directory
grep: Microsoft: No such file or directory
grep: Edge.lnk: No such file or directory
Microsoft Office Excel 2007.lnkgrep: Office: No such file or directory
grep: Excel: No such file or directory
grep: 2007.lnk: No such file or directory
grep: Microsoft: No such file or directory
grep: Office: No such file or directory
grep: Excel: No such file or directory
grep: 2007.lnk: No such file or directory
Microsoft Office Word 2007.lnkgrep: Office: No such file or directory
grep: Word: No such file or directory
grep: 2007.lnk: No such file or directory
grep: Microsoft: No such file or directory
grep: Office: No such file or directory
grep: Word: No such file or directory
grep: 2007.lnk: No such file or directory
desktop.inipraveena.shvyshnavi.shvyshugrep: vyshu: Is a directory
vyshu.shvyshu.txt

                  PROGRAM-4

LENOVO@DESKTOP-P25PUTP MINGW64 ~/Desktop (master)
$ vi jan.sh

LENOVO@DESKTOP-P25PUTP MINGW64 ~/Desktop (master)
$ cat jan.sh
#!/bin/bash
if grep "UNIX" myfile >/dev/null
then
  echo UNIX occurs in myfile
else
  echo No!
  echo UNIX does not occur in myfile
fi

OUTPUT:
LENOVO@DESKTOP-P25PUTP MINGW64 ~/Desktop (master)
$ ./jan.sh
grep: myfile: No such file or directory
No!


                      PROGRAM-5

LENOVO@DESKTOP-P25PUTP MINGW64 ~/Desktop (master)
$ vi srividya.sh

LENOVO@DESKTOP-P25PUTP MINGW64 ~/Desktop (master)
$ cat srividya.sh
#!/bin/bash
if grep "UNIX" myfile >/dev/null
then
  echo "UNIX occurs in file"
 elif grep "DOS" myfile >/dev/null
 then
   echo "UNIX does not occur,but DOS does"
  else
   echo "NOBODY is there"
fi
OUTPUT:
LENOVO@DESKTOP-P25PUTP MINGW64 ~/Desktop (master)
$ ./srividya.sh
grep: myfile: No such file or directory
grep: myfile: No such file or directory
NOBODY is there

                        PROGRAM--6

LENOVO@DESKTOP-P25PUTP MINGW64 ~/Desktop (master)
$ vi pooja.sh

LENOVO@DESKTOP-P25PUTP MINGW64 ~/Desktop (master)
$ cat pooja.sh
#!/bin/bash
if grep unix myfile
then
  :
else
  echo "sorry,unix was not found"
fi

OUTPUT:

LENOVO@DESKTOP-P25PUTP MINGW64 ~/Desktop (master)
$ ./pooja.sh
grep: myfile: No such file or directory
sorry,unix was not found

                   PROGRAM-7


LENOVO@DESKTOP-P25PUTP MINGW64 ~/Desktop (master)
$ vi dad.sh

LENOVO@DESKTOP-P25PUTP MINGW64 ~/Desktop (master)
$ cat dad.sh
#!/bin/bash
count=0
for i in *;do
 if test -x $1;then
    count='expr $count + 1'
   fi
  done
  echo Total of $count files executable

OUTPUT:

LENOVO@DESKTOP-P25PUTP MINGW64 ~/Desktop (master)
$ ./dad.sh
Total of expr $count + 1 files executable



                       PROGRAM--8

LENOVO@DESKTOP-P25PUTP MINGW64 ~/Desktop (master)
$ vi mahi.sh

LENOVO@DESKTOP-P25PUTP MINGW64 ~/Desktop (master)
$ cat mahi.sh
#!/bin/bash
smallest=10000
for i in 5 8 19 8 7 3;do
 if test $i -lt $smallest;then
      smallest=$i
    fi
   done
   echo $smallest

OUTPUT:

LENOVO@DESKTOP-P25PUTP MINGW64 ~/Desktop (master)
$ ./mahi.sh
3 
                     PROGRAM--9

LENOVO@DESKTOP-P25PUTP MINGW64 ~/Desktop (master)
$ vi manu.sh

LENOVO@DESKTOP-P25PUTP MINGW64 ~/Desktop (master)
$ cat manu.sh
#!/bin/bash
if test -z $REMOTEHOST
then
 :
else
  DISPLAY="$REMOTEHOST:0"
  export DISPLAY
fi

OUTPUT:

LENOVO@DESKTOP-P25PUTP MINGW64 ~/Desktop (master)
$ ./manu.sh

                   PROGRAM---10

LENOVO@DESKTOP-P25PUTP MINGW64 ~/Desktop (master)
$ vi pravi.sh

LENOVO@DESKTOP-P25PUTP MINGW64 ~/Desktop (master)
$ cat pravi.sh
#!/bin/bash
i=1
 sum=0
 while [ $i -le 100 ];do
   sum='expr $sum + $i'
   i='expr $i+ 1'
  done
  echo The sum is $sum

OUTPUT:

LENOVO@DESKTOP-P25PUTP MINGW64 ~/Desktop (master)
$ ./pravi.sh
./pravi.sh: line 4: [: too many arguments
The sum is expr $sum + $i


